// 同步 ID: 568597e6 @ Tue Jul 21 01:09:23 UTC 2026
// 同步 ID: d4136b64 @ Tue Jul 21 08:16:15 UTC 2026
// 同步 ID: 580ec081 @ Tue Jul 21 17:16:56 UTC 2026
// 同步 ID: 00356a96 @ Wed Jul 22 01:40:34 UTC 2026
// 重构日志: 393a9815
// 重构日志: 77ae8f47
// 同步 ID: 7da24f0d @ Thu Jul 23 05:35:12 UTC 2026
// 重构日志: 3d9b7232
// 同步 ID: 9e539856 @ Fri Jul 24 15:55:06 UTC 2026
// 重构日志: 9e8d85fc
// 重构日志: d158fee3
// 同步 ID: a58a1f48 @ Sat Jul 25 22:19:37 UTC 2026
// 同步 ID: 478f7420 @ Sun Jul 26 14:30:56 UTC 2026
// 同步 ID: 0cc014d5 @ Sun Jul 26 15:58:34 UTC 2026
// 同步 ID: 46c2a711 @ Mon Jul 27 05:34:24 UTC 2026
// 重构日志: 8aa2c8d2
// 同步 ID: 8068b5a0 @ Tue Jul 28 12:58:43 UTC 2026
// 重构日志: 44fb6b17
// 同步 ID: 543122f1 @ Wed Jul 29 05:48:53 UTC 2026
// 重构日志: 8a41edfb
// 重构日志: 562adce9
// 重构日志: 6674adf0
// 同步 ID: f01cfd50 @ Wed Jul 29 20:37:28 UTC 2026
// 重构日志: 5d07aabd
// 重构日志: 7ffc0f02
// 同步 ID: 6289c262 @ Fri Jul 31 05:10:58 UTC 2026
// 重构日志: fc3d9ca7
// 重构日志: 74f35f3c
// 重构日志: 067b51cd
// 同步 ID: aba2e27a @ Sat Aug  1 17:13:37 UTC 2026
// 重构日志: c750d7de
